Cause exception while process update id=453159406 by bot id=8643055140
AttributeError: 'NoneType' object has no attribute 'strip'
Traceback (most recent call last):
  File "/Users/khushbuchopra/Downloads/jyotishguruji/astro_guru_integrated/venv/lib/python3.11/site-packages/aiogram/dispatcher/dispatcher.py", line 320, in _process_update
    response = await self.feed_update(bot, update, **kwargs)
               ^^^^^^^^^^^^^^^^^^^^^^^^^^^^^^^^^^^^^^^^^^^^^
  File "/Users/khushbuchopra/Downloads/jyotishguruji/astro_guru_integrated/venv/lib/python3.11/site-packages/aiogram/dispatcher/dispatcher.py", line 164, in feed_update
    response = await self.update.wrap_outer_middleware(
               ^^^^^^^^^^^^^^^^^^^^^^^^^^^^^^^^^^^^^^^^
  File "/Users/khushbuchopra/Downloads/jyotishguruji/astro_guru_integrated/venv/lib/python3.11/site-packages/aiogram/dispatcher/middlewares/error.py", line 27, in __call__
    return await handler(event, data)
           ^^^^^^^^^^^^^^^^^^^^^^^^^^
  File "/Users/khushbuchopra/Downloads/jyotishguruji/astro_guru_integrated/venv/lib/python3.11/site-packages/aiogram/dispatcher/middlewares/user_context.py", line 58, in __call__
    return await handler(event, data)
           ^^^^^^^^^^^^^^^^^^^^^^^^^^
  File "/Users/khushbuchopra/Downloads/jyotishguruji/astro_guru_integrated/venv/lib/python3.11/site-packages/aiogram/fsm/middleware.py", line 43, in __call__
    return await handler(event, data)
           ^^^^^^^^^^^^^^^^^^^^^^^^^^
  File "/Users/khushbuchopra/Downloads/jyotishguruji/astro_guru_integrated/venv/lib/python3.11/site-packages/aiogram/dispatcher/event/telegram.py", line 126, in trigger
    return await wrapped_inner(event, kwargs)
           ^^^^^^^^^^^^^^^^^^^^^^^^^^^^^^^^^^
  File "/Users/khushbuchopra/Downloads/jyotishguruji/astro_guru_integrated/venv/lib/python3.11/site-packages/aiogram/dispatcher/event/handler.py", line 71, in call
    return await wrapped()
           ^^^^^^^^^^^^^^^
  File "/Users/khushbuchopra/Downloads/jyotishguruji/astro_guru_integrated/venv/lib/python3.11/site-packages/aiogram/dispatcher/dispatcher.py", line 283, in _listen_update
    return await self.propagate_event(update_type=update_type, event=event, **kwargs)
           ^^^^^^^^^^^^^^^^^^^^^^^^^^^^^^^^^^^^^^^^^^^^^^^^^^^^^^^^^^^^^^^^^^^^^^^^^^
  File "/Users/khushbuchopra/Downloads/jyotishguruji/astro_guru_integrated/venv/lib/python3.11/site-packages/aiogram/dispatcher/router.py", line 163, in propagate_event
    return await observer.wrap_outer_middleware(_wrapped, event=event, data=kwargs)
           ^^^^^^^^^^^^^^^^^^^^^^^^^^^^^^^^^^^^^^^^^^^^^^^^^^^^^^^^^^^^^^^^^^^^^^^^
  File "/Users/khushbuchopra/Downloads/jyotishguruji/astro_guru_integrated/venv/lib/python3.11/site-packages/aiogram/dispatcher/router.py", line 155, in _wrapped
    return await self._propagate_event(
           ^^^^^^^^^^^^^^^^^^^^^^^^^^^^
  File "/Users/khushbuchopra/Downloads/jyotishguruji/astro_guru_integrated/venv/lib/python3.11/site-packages/aiogram/dispatcher/router.py", line 183, in _propagate_event
    response = await observer.trigger(event, **kwargs)
               ^^^^^^^^^^^^^^^^^^^^^^^^^^^^^^^^^^^^^^^
  File "/Users/khushbuchopra/Downloads/jyotishguruji/astro_guru_integrated/venv/lib/python3.11/site-packages/aiogram/dispatcher/event/telegram.py", line 126, in trigger
    return await wrapped_inner(event, kwargs)
           ^^^^^^^^^^^^^^^^^^^^^^^^^^^^^^^^^^
  File "/Users/khushbuchopra/Downloads/jyotishguruji/astro_guru_integrated/venv/lib/python3.11/site-packages/aiogram/dispatcher/event/handler.py", line 71, in call
    return await wrapped()
           ^^^^^^^^^^^^^^^
  File "/Users/khushbuchopra/Downloads/jyotishguruji/astro_guru_integrated/main.py", line 258, in chat
    text = message.text.strip()
           ^^^^^^^^^^^^^^^^^^
AttributeError: 'NoneType' object has no attribute 'strip'
Failed to fetch updates - TelegramNetworkError: HTTP Client says - Request timeout error
Sleep for 1.000000 seconds and try again... (tryings = 0, bot id = 8643055140)
Failed to fetch updates - TelegramNetworkError: HTTP Client says - Request timeout error
Sleep for 1.330349 seconds and try again... (tryings = 1, bot id = 8643055140)
Failed to fetch updates - TelegramNetworkError: HTTP Client says - Request timeout error
Sleep for 1.000000 seconds and try again... (tryings = 0, bot id = 8643055140)
Failed to fetch updates - TelegramNetworkError: HTTP Client says - ClientConnectorError: Cannot connect to host api.telegram.org:443 ssl:default [Network is unreachable]
Sleep for 1.361838 seconds and try again... (tryings = 1, bot id = 8643055140)
Failed to fetch updates - TelegramNetworkError: HTTP Client says - ClientConnectorError: Cannot connect to host api.telegram.org:443 ssl:default [No route to host]
Sleep for 1.809801 seconds and try again... (tryings = 2, bot id = 8643055140)
Failed to fetch updates - TelegramNetworkError: HTTP Client says - ClientConnectorError: Cannot connect to host api.telegram.org:443 ssl:default [Network is unreachable]
Sleep for 2.480370 seconds and try again... (tryings = 3, bot id = 8643055140)
Failed to fetch updates - TelegramNetworkError: HTTP Client says - ClientConnectorError: Cannot connect to host api.telegram.org:443 ssl:default [No route to host]
Sleep for 3.166612 seconds and try again... (tryings = 4, bot id = 8643055140)
Failed to fetch updates - TelegramNetworkError: HTTP Client says - ClientConnectorError: Cannot connect to host api.telegram.org:443 ssl:default [Network is unreachable]
Sleep for 3.902535 seconds and try again... (tryings = 5, bot id = 8643055140)
Failed to fetch updates - TelegramNetworkError: HTTP Client says - ClientConnectorError: Cannot connect to host api.telegram.org:443 ssl:default [No route to host]
Sleep for 5.017091 seconds and try again... (tryings = 6, bot id = 8643055140)
Failed to fetch updates - TelegramNetworkError: HTTP Client says - ClientConnectorError: Cannot connect to host api.telegram.org:443 ssl:default [Network is unreachable]
Sleep for 4.960790 seconds and try again... (tryings = 7, bot id = 8643055140)
Failed to fetch updates - TelegramNetworkError: HTTP Client says - ClientConnectorError: Cannot connect to host api.telegram.org:443 ssl:default [No route to host]
Sleep for 4.958034 seconds and try again... (tryings = 8, bot id = 8643055140)
Failed to fetch updates - TelegramNetworkError: HTTP Client says - ClientConnectorError: Cannot connect to host api.telegram.org:443 ssl:default [Network is unreachable]
Sleep for 5.025508 seconds and try again... (tryings = 9, bot id = 8643055140)
Failed to fetch updates - TelegramNetworkError: HTTP Client says - ClientConnectorError: Cannot connect to host api.telegram.org:443 ssl:default [No route to host]
Sleep for 4.889951 seconds and try again... (tryings = 10, bot id = 8643055140)
Failed to fetch updates - TelegramNetworkError: HTTP Client says - ClientConnectorError: Cannot connect to host api.telegram.org:443 ssl:default [Network is unreachable]
Sleep for 5.075466 seconds and try again... (tryings = 11, bot id = 8643055140)
Failed to fetch updates - TelegramNetworkError: HTTP Client says - ServerDisconnectedError: Server disconnected
Sleep for 1.000000 seconds and try again... (tryings = 0, bot id = 8643055140)
Failed to fetch updates - TelegramNetworkError: HTTP Client says - ServerDisconnectedError: Server disconnected
Sleep for 1.000000 seconds and try again... (tryings = 0, bot id = 8643055140)
Failed to fetch updates - TelegramConflictError: Telegram server says - Conflict: terminated by other getUpdates request; make sure that only one bot instance is running
Sleep for 1.000000 seconds and try again... (tryings = 0, bot id = 8643055140)
Failed to fetch updates - TelegramConflictError: Telegram server says - Conflict: terminated by other getUpdates request; make sure that only one bot instance is running
Sleep for 1.428810 seconds and try again... (tryings = 1, bot id = 8643055140)
Failed to fetch updates - TelegramConflictError: Telegram server says - Conflict: terminated by other getUpdates request; make sure that only one bot instance is running
Sleep for 1.000000 seconds and try again... (tryings = 0, bot id = 8643055140)
Failed to fetch updates - TelegramConflictError: Telegram server says - Conflict: terminated by other getUpdates request; make sure that only one bot instance is running
Sleep for 1.179680 seconds and try again... (tryings = 1, bot id = 8643055140)
Failed to fetch updates - TelegramConflictError: Telegram server says - Conflict: terminated by other getUpdates request; make sure that only one bot instance is running
Sleep for 1.451581 seconds and try again... (tryings = 2, bot id = 8643055140)
Failed to fetch updates - TelegramConflictError: Telegram server says - Conflict: terminated by other getUpdates request; make sure that only one bot instance is running
Sleep for 1.885767 seconds and try again... (tryings = 3, bot id = 8643055140)
Failed to fetch updates - TelegramConflictError: Telegram server says - Conflict: terminated by other getUpdates request; make sure that only one bot instance is running
Sleep for 2.371636 seconds and try again... (tryings = 4, bot id = 8643055140)
Failed to fetch updates - TelegramConflictError: Telegram server says - Conflict: terminated by other getUpdates request; make sure that only one bot instance is running
Sleep for 3.184388 seconds and try again... (tryings = 5, bot id = 8643055140)
Received SIGTERM signal
🕉️ Jyotish Guruji Running...
